******************************************************************************
                  TI ARM Linker PC v20.2.5                     
******************************************************************************
>> Linked Mon Oct  7 16:17:05 2024

OUTPUT FILE NAME:   <TI_PERIPHERALS.out>
ENTRY POINT SYMBOL: "_c_int00_noargs"  address: 00000c19


MEMORY CONFIGURATION

         name            origin    length      used     unused   attr    fill
----------------------  --------  ---------  --------  --------  ----  --------
  FLASH                 00000000   00020000  00000cf0  0001f310  R  X
  SRAM                  20000000   00008000  0000020c  00007df4  RW X


SEGMENT ALLOCATION MAP

run origin  load origin   length   init length attrs members
----------  ----------- ---------- ----------- ----- -------
00000000    00000000    00000cf0   00000cf0    r-x
  00000000    00000000    0000026c   0000026c    r-- .intvecs
  0000026c    0000026c    00000a4e   00000a4e    r-x .text
  00000cba    00000cba    00000006   00000006    r-- .const
  00000cc0    00000cc0    00000030   00000030    r-- .cinit
20000000    20000000    0000020c   00000000    rw-
  20000000    20000000    00000200   00000000    rw- .stack
  20000200    20000200    00000008   00000000    rw- .data
  20000208    20000208    00000004   00000000    rw- .bss


SECTION ALLOCATION MAP

 output                                  attributes/
section   page    origin      length       input sections
--------  ----  ----------  ----------   ----------------
.intvecs   0    00000000    0000026c     
                  00000000    0000026c     tm4c1233e6pz_startup_ccs.obj (.intvecs)

.text      0    0000026c    00000a4e     
                  0000026c    00000248     GPIO.obj (.text)
                  000004b4    0000017c     uart.obj (.text)
                  00000630    00000168     e2p.obj (.text)
                  00000798    0000013c     TIMER.obj (.text)
                  000008d4    00000120     main.obj (.text)
                  000009f4    0000009c     rtsv7M4_T_le_v4SPD16_eabi.lib : memcpy_t2.asm.obj (.text)
                  00000a90    0000006e                                   : ltoa.c.obj (.text:ltoa)
                  00000afe    00000068                                   : copy_decompress_lzss.c.obj (.text:decompress:lzss:__TI_decompress_lzss)
                  00000b66    00000002     --HOLE-- [fill = 0]
                  00000b68    00000044                                   : autoinit.c.obj (.text:__TI_auto_init_nobinit_nopinit:__TI_auto_init_nobinit_nopinit)
                  00000bac    00000038     driverlib.lib : sysctl.obj (.text:SysCtlPeripheralReady)
                  00000be4    00000034                   : sysctl.obj (.text:SysCtlPeripheralEnable)
                  00000c18    00000034     rtsv7M4_T_le_v4SPD16_eabi.lib : boot_cortex_m.c.obj (.text:_c_int00_noargs:_c_int00_noargs)
                  00000c4c    0000001c                                   : copy_zero_init.c.obj (.text:decompress:ZI:__TI_zero_init_nomemset:__TI_zero_init_nomemset)
                  00000c68    00000014                                   : strcpy.c.obj (.text:strcpy)
                  00000c7c    00000010     driverlib.lib : interrupt.obj (.text:IntMasterEnable)
                  00000c8c    0000000e     rtsv7M4_T_le_v4SPD16_eabi.lib : copy_decompress_none.c.obj (.text:decompress:none:__TI_decompress_none)
                  00000c9a    0000000c     driverlib.lib : cpu.obj (.text:CPUcpsie)
                  00000ca6    0000000c     tm4c1233e6pz_startup_ccs.obj (.text)
                  00000cb2    00000004     rtsv7M4_T_le_v4SPD16_eabi.lib : pre_init.c.obj (.text:_system_pre_init)
                  00000cb6    00000004                                   : exit.c.obj (.text:abort:abort)

.const     0    00000cba    00000006     
                  00000cba    00000003     e2p.obj (.const:.string:$P$T0$1)
                  00000cbd    00000003     main.obj (.const:.string:$P$T0$1)

.cinit     0    00000cc0    00000030     
                  00000cc0    0000000c     (__TI_handler_table)
                  00000ccc    0000000b     (.cinit..data.load) [load image, compression = lzss]
                  00000cd7    00000001     --HOLE-- [fill = 0]
                  00000cd8    00000008     (.cinit..bss.load) [load image, compression = zero_init]
                  00000ce0    00000010     (__TI_cinit_table)

.init_array 
*          0    00000000    00000000     UNINITIALIZED

.data      0    20000200    00000008     UNINITIALIZED
                  20000200    00000008     TIMER.obj (.data)

.bss       0    20000208    00000004     UNINITIALIZED
                  20000208    00000004     (.common:schedular_flg)

.stack     0    20000000    00000200     UNINITIALIZED
                  20000000    00000004     rtsv7M4_T_le_v4SPD16_eabi.lib : boot_cortex_m.c.obj (.stack)
                  20000004    000001fc     --HOLE--

__llvm_prf_cnts 
*          0    20000000    00000000     UNINITIALIZED

MODULE SUMMARY

       Module                         code   ro data   rw data
       ------                         ----   -------   -------
    .\
       tm4c1233e6pz_startup_ccs.obj   12     620       0      
    +--+------------------------------+------+---------+---------+
       Total:                         12     620       0      
                                                              
    .\Source\
       GPIO.obj                       584    0         0      
       uart.obj                       380    0         0      
       e2p.obj                        360    3         0      
       TIMER.obj                      316    0         12     
       main.obj                       288    3         0      
    +--+------------------------------+------+---------+---------+
       Total:                         1928   6         12     
                                                              
    C:/ti/TivaWare_C_Series-2.2.0.295/driverlib/ccs/Debug/driverlib.lib
       sysctl.obj                     108    0         0      
       interrupt.obj                  16     0         0      
       cpu.obj                        12     0         0      
    +--+------------------------------+------+---------+---------+
       Total:                         136    0         0      
                                                              
    C:\ti\ccs1110\ccs\tools\compiler\ti-cgt-arm_20.2.5.LTS\lib\rtsv7M4_T_le_v4SPD16_eabi.lib
       memcpy_t2.asm.obj              156    0         0      
       ltoa.c.obj                     110    0         0      
       copy_decompress_lzss.c.obj     104    0         0      
       autoinit.c.obj                 68     0         0      
       boot_cortex_m.c.obj            52     0         0      
       copy_zero_init.c.obj           28     0         0      
       strcpy.c.obj                   20     0         0      
       copy_decompress_none.c.obj     14     0         0      
       exit.c.obj                     4      0         0      
       pre_init.c.obj                 4      0         0      
    +--+------------------------------+------+---------+---------+
       Total:                         560    0         0      
                                                              
       Stack:                         0      0         512    
       Linker Generated:              0      47        0      
    +--+------------------------------+------+---------+---------+
       Grand Total:                   2636   673       524    


LINKER GENERATED COPY TABLES

__TI_cinit_table @ 00000ce0 records: 2, size/record: 8, table size: 16
	.data: load addr=00000ccc, load size=0000000b bytes, run addr=20000200, run size=00000008 bytes, compression=lzss
	.bss: load addr=00000cd8, load size=00000008 bytes, run addr=20000208, run size=00000004 bytes, compression=zero_init


LINKER GENERATED HANDLER TABLE

__TI_handler_table @ 00000cc0 records: 3, size/record: 4, table size: 12
	index: 0, handler: __TI_decompress_lzss
	index: 1, handler: __TI_decompress_none
	index: 2, handler: __TI_zero_init


GLOBAL SYMBOLS: SORTED ALPHABETICALLY BY Name 

address   name                          
-------   ----                          
00000cb7  C$$EXIT                       
00000c9b  CPUcpsie                      
00000631  EEPROM_Init                   
00000751  EEPROM_Read                   
00000675  EEPROM_Write                  
00000c7d  IntMasterEnable               
0000053b  IntUartHandler                
00000ca7  ResetISR                      
00000be5  SysCtlPeripheralEnable        
00000bad  SysCtlPeripheralReady         
000007eb  Timer0_Handler                
00000799  Timer0_Init                   
000004b5  UART5_Init                    
0000056b  UART5_SendChar                
00000587  UART5_SendString              
000005a5  UWriteBytes                   
000005cb  UWriteInt                     
20000200  __STACK_END                   
00000200  __STACK_SIZE                  
20000200  __STACK_TOP                   
00000ce0  __TI_CINIT_Base               
00000cf0  __TI_CINIT_Limit              
00000cc0  __TI_Handler_Table_Base       
00000ccc  __TI_Handler_Table_Limit      
00000b69  __TI_auto_init_nobinit_nopinit
00000aff  __TI_decompress_lzss          
00000c8d  __TI_decompress_none          
ffffffff  __TI_pprof_out_hndl           
ffffffff  __TI_prof_data_size           
ffffffff  __TI_prof_data_start          
00000000  __TI_static_base__            
00000c4d  __TI_zero_init_nomemset       
000009f5  __aeabi_memcpy                
000009f5  __aeabi_memcpy4               
000009f5  __aeabi_memcpy8               
ffffffff  __binit__                     
ffffffff  __c_args__                    
UNDEFED   __mpu_init                    
20000000  __stack                       
20000000  __start___llvm_prf_cnts       
20000000  __stop___llvm_prf_cnts        
00000c19  _c_int00_noargs               
UNDEFED   _system_post_cinit            
00000cb3  _system_pre_init              
00000cb7  abort                         
ffffffff  binit                         
0000097b  delay_ms                      
00000847  disable_irq                   
000003d9  enableGPIOClock               
00000867  enable_irq                    
00000000  g_pfnVectors                  
00000399  getGPIO_Direction             
00000401  getPortNum                    
00000a91  ltoa                          
000008d5  main                          
000009f5  memcpy                        
000002bb  readGPIO                      
20000208  schedular_flg                 
0000032d  setGPIO_Direction             
00000c69  strcpy                        
000002fb  toggleGPIO                    
0000026d  writeGPIO                     


GLOBAL SYMBOLS: SORTED BY Symbol Address 

address   name                          
-------   ----                          
00000000  __TI_static_base__            
00000000  g_pfnVectors                  
00000200  __STACK_SIZE                  
0000026d  writeGPIO                     
000002bb  readGPIO                      
000002fb  toggleGPIO                    
0000032d  setGPIO_Direction             
00000399  getGPIO_Direction             
000003d9  enableGPIOClock               
00000401  getPortNum                    
000004b5  UART5_Init                    
0000053b  IntUartHandler                
0000056b  UART5_SendChar                
00000587  UART5_SendString              
000005a5  UWriteBytes                   
000005cb  UWriteInt                     
00000631  EEPROM_Init                   
00000675  EEPROM_Write                  
00000751  EEPROM_Read                   
00000799  Timer0_Init                   
000007eb  Timer0_Handler                
00000847  disable_irq                   
00000867  enable_irq                    
000008d5  main                          
0000097b  delay_ms                      
000009f5  __aeabi_memcpy                
000009f5  __aeabi_memcpy4               
000009f5  __aeabi_memcpy8               
000009f5  memcpy                        
00000a91  ltoa                          
00000aff  __TI_decompress_lzss          
00000b69  __TI_auto_init_nobinit_nopinit
00000bad  SysCtlPeripheralReady         
00000be5  SysCtlPeripheralEnable        
00000c19  _c_int00_noargs               
00000c4d  __TI_zero_init_nomemset       
00000c69  strcpy                        
00000c7d  IntMasterEnable               
00000c8d  __TI_decompress_none          
00000c9b  CPUcpsie                      
00000ca7  ResetISR                      
00000cb3  _system_pre_init              
00000cb7  C$$EXIT                       
00000cb7  abort                         
00000cc0  __TI_Handler_Table_Base       
00000ccc  __TI_Handler_Table_Limit      
00000ce0  __TI_CINIT_Base               
00000cf0  __TI_CINIT_Limit              
20000000  __stack                       
20000000  __start___llvm_prf_cnts       
20000000  __stop___llvm_prf_cnts        
20000200  __STACK_END                   
20000200  __STACK_TOP                   
20000208  schedular_flg                 
ffffffff  __TI_pprof_out_hndl           
ffffffff  __TI_prof_data_size           
ffffffff  __TI_prof_data_start          
ffffffff  __binit__                     
ffffffff  __c_args__                    
ffffffff  binit                         
UNDEFED   __mpu_init                    
UNDEFED   _system_post_cinit            

[62 symbols]
