******************************************************************************
                  TI ARM Linker PC v20.2.5                     
******************************************************************************
>> Linked Mon Sep 30 14:45:53 2024

OUTPUT FILE NAME:   <TI_PERIPHERALS.out>
ENTRY POINT SYMBOL: "_c_int00_noargs"  address: 00000b39


MEMORY CONFIGURATION

         name            origin    length      used     unused   attr    fill
----------------------  --------  ---------  --------  --------  ----  --------
  FLASH                 00000000   00020000  00000c0a  0001f3f6  R  X
  SRAM                  20000000   00008000  0000020c  00007df4  RW X


SEGMENT ALLOCATION MAP

run origin  load origin   length   init length attrs members
----------  ----------- ---------- ----------- ----- -------
00000000    00000000    00000c10   00000c10    r-x
  00000000    00000000    0000026c   0000026c    r-- .intvecs
  0000026c    0000026c    0000096e   0000096e    r-x .text
  00000be0    00000be0    00000030   00000030    r-- .cinit
20000000    20000000    0000020c   00000000    rw-
  20000000    20000000    00000200   00000000    rw- .stack
  20000200    20000200    00000008   00000000    rw- .data
  20000208    20000208    00000004   00000000    rw- .bss


SECTION ALLOCATION MAP

 output                                  attributes/
section   page    origin      length       input sections
--------  ----  ----------  ----------   ----------------
.intvecs   0    00000000    0000026c     
                  00000000    0000026c     tm4c1233e6pz_startup_ccs.obj (.intvecs)

.text      0    0000026c    0000096e     
                  0000026c    00000248     GPIO.obj (.text)
                  000004b4    0000017c     uart.obj (.text)
                  00000630    0000013c     TIMER.obj (.text)
                  0000076c    0000010c     main.obj (.text)
                  00000878    0000009c     e2p.obj (.text)
                  00000914    0000009c     rtsv7M4_T_le_v4SPD16_eabi.lib : memcpy_t2.asm.obj (.text)
                  000009b0    0000006e                                   : ltoa.c.obj (.text:ltoa)
                  00000a1e    00000068                                   : copy_decompress_lzss.c.obj (.text:decompress:lzss:__TI_decompress_lzss)
                  00000a86    00000002     --HOLE-- [fill = 0]
                  00000a88    00000044                                   : autoinit.c.obj (.text:__TI_auto_init_nobinit_nopinit:__TI_auto_init_nobinit_nopinit)
                  00000acc    00000038     driverlib.lib : sysctl.obj (.text:SysCtlPeripheralReady)
                  00000b04    00000034                   : sysctl.obj (.text:SysCtlPeripheralEnable)
                  00000b38    00000034     rtsv7M4_T_le_v4SPD16_eabi.lib : boot_cortex_m.c.obj (.text:_c_int00_noargs:_c_int00_noargs)
                  00000b6c    0000001c                                   : copy_zero_init.c.obj (.text:decompress:ZI:__TI_zero_init_nomemset:__TI_zero_init_nomemset)
                  00000b88    00000014                                   : strcpy.c.obj (.text:strcpy)
                  00000b9c    00000010     driverlib.lib : interrupt.obj (.text:IntMasterEnable)
                  00000bac    0000000e     rtsv7M4_T_le_v4SPD16_eabi.lib : copy_decompress_none.c.obj (.text:decompress:none:__TI_decompress_none)
                  00000bba    0000000c     driverlib.lib : cpu.obj (.text:CPUcpsie)
                  00000bc6    0000000c     tm4c1233e6pz_startup_ccs.obj (.text)
                  00000bd2    00000004     rtsv7M4_T_le_v4SPD16_eabi.lib : pre_init.c.obj (.text:_system_pre_init)
                  00000bd6    00000004                                   : exit.c.obj (.text:abort:abort)

.cinit     0    00000be0    00000030     
                  00000be0    0000000c     (__TI_handler_table)
                  00000bec    0000000b     (.cinit..data.load) [load image, compression = lzss]
                  00000bf7    00000001     --HOLE-- [fill = 0]
                  00000bf8    00000008     (.cinit..bss.load) [load image, compression = zero_init]
                  00000c00    00000010     (__TI_cinit_table)

.init_array 
*          0    00000000    00000000     UNINITIALIZED

.data      0    20000200    00000008     UNINITIALIZED
                  20000200    00000008     TIMER.obj (.data)

.bss       0    20000208    00000004     UNINITIALIZED
                  20000208    00000004     (.common:schedular_flg)

.stack     0    20000000    00000200     UNINITIALIZED
                  20000000    00000004     rtsv7M4_T_le_v4SPD16_eabi.lib : boot_cortex_m.c.obj (.stack)
                  20000004    000001fc     --HOLE--

__llvm_prf_cnts 
*          0    20000000    00000000     UNINITIALIZED

MODULE SUMMARY

       Module                         code   ro data   rw data
       ------                         ----   -------   -------
    .\
       tm4c1233e6pz_startup_ccs.obj   12     620       0      
    +--+------------------------------+------+---------+---------+
       Total:                         12     620       0      
                                                              
    .\Source\
       GPIO.obj                       584    0         0      
       uart.obj                       380    0         0      
       TIMER.obj                      316    0         12     
       main.obj                       268    0         0      
       e2p.obj                        156    0         0      
    +--+------------------------------+------+---------+---------+
       Total:                         1704   0         12     
                                                              
    C:/ti/TivaWare_C_Series-2.2.0.295/driverlib/ccs/Debug/driverlib.lib
       sysctl.obj                     108    0         0      
       interrupt.obj                  16     0         0      
       cpu.obj                        12     0         0      
    +--+------------------------------+------+---------+---------+
       Total:                         136    0         0      
                                                              
    C:\ti\ccs1110\ccs\tools\compiler\ti-cgt-arm_20.2.5.LTS\lib\rtsv7M4_T_le_v4SPD16_eabi.lib
       memcpy_t2.asm.obj              156    0         0      
       ltoa.c.obj                     110    0         0      
       copy_decompress_lzss.c.obj     104    0         0      
       autoinit.c.obj                 68     0         0      
       boot_cortex_m.c.obj            52     0         0      
       copy_zero_init.c.obj           28     0         0      
       strcpy.c.obj                   20     0         0      
       copy_decompress_none.c.obj     14     0         0      
       exit.c.obj                     4      0         0      
       pre_init.c.obj                 4      0         0      
    +--+------------------------------+------+---------+---------+
       Total:                         560    0         0      
                                                              
       Stack:                         0      0         512    
       Linker Generated:              0      47        0      
    +--+------------------------------+------+---------+---------+
       Grand Total:                   2412   667       524    


LINKER GENERATED COPY TABLES

__TI_cinit_table @ 00000c00 records: 2, size/record: 8, table size: 16
	.data: load addr=00000bec, load size=0000000b bytes, run addr=20000200, run size=00000008 bytes, compression=lzss
	.bss: load addr=00000bf8, load size=00000008 bytes, run addr=20000208, run size=00000004 bytes, compression=zero_init


LINKER GENERATED HANDLER TABLE

__TI_handler_table @ 00000be0 records: 3, size/record: 4, table size: 12
	index: 0, handler: __TI_decompress_lzss
	index: 1, handler: __TI_decompress_none
	index: 2, handler: __TI_zero_init


GLOBAL SYMBOLS: SORTED ALPHABETICALLY BY Name 

address   name                          
-------   ----                          
00000bd7  C$$EXIT                       
00000bbb  CPUcpsie                      
00000879  EEPROM_Init                   
000008cf  EEPROM_Read                   
0000089b  EEPROM_Write                  
00000b9d  IntMasterEnable               
0000053b  IntUartHandler                
00000bc7  ResetISR                      
00000b05  SysCtlPeripheralEnable        
00000acd  SysCtlPeripheralReady         
00000683  Timer0_Handler                
00000631  Timer0_Init                   
000004b5  UART5_Init                    
0000056b  UART5_SendChar                
00000587  UART5_SendString              
000005a5  UWriteBytes                   
000005cb  UWriteInt                     
20000200  __STACK_END                   
00000200  __STACK_SIZE                  
20000200  __STACK_TOP                   
00000c00  __TI_CINIT_Base               
00000c10  __TI_CINIT_Limit              
00000be0  __TI_Handler_Table_Base       
00000bec  __TI_Handler_Table_Limit      
00000a89  __TI_auto_init_nobinit_nopinit
00000a1f  __TI_decompress_lzss          
00000bad  __TI_decompress_none          
ffffffff  __TI_pprof_out_hndl           
ffffffff  __TI_prof_data_size           
ffffffff  __TI_prof_data_start          
00000000  __TI_static_base__            
00000b6d  __TI_zero_init_nomemset       
00000915  __aeabi_memcpy                
00000915  __aeabi_memcpy4               
00000915  __aeabi_memcpy8               
ffffffff  __binit__                     
ffffffff  __c_args__                    
UNDEFED   __mpu_init                    
20000000  __stack                       
20000000  __start___llvm_prf_cnts       
20000000  __stop___llvm_prf_cnts        
00000b39  _c_int00_noargs               
UNDEFED   _system_post_cinit            
00000bd3  _system_pre_init              
00000bd7  abort                         
ffffffff  binit                         
00000801  delay_ms                      
000006df  disable_irq                   
000003d9  enableGPIOClock               
000006ff  enable_irq                    
00000000  g_pfnVectors                  
00000399  getGPIO_Direction             
00000401  getPortNum                    
000009b1  ltoa                          
0000076d  main                          
00000915  memcpy                        
000002bb  readGPIO                      
20000208  schedular_flg                 
0000032d  setGPIO_Direction             
00000b89  strcpy                        
000002fb  toggleGPIO                    
0000026d  writeGPIO                     


GLOBAL SYMBOLS: SORTED BY Symbol Address 

address   name                          
-------   ----                          
00000000  __TI_static_base__            
00000000  g_pfnVectors                  
00000200  __STACK_SIZE                  
0000026d  writeGPIO                     
000002bb  readGPIO                      
000002fb  toggleGPIO                    
0000032d  setGPIO_Direction             
00000399  getGPIO_Direction             
000003d9  enableGPIOClock               
00000401  getPortNum                    
000004b5  UART5_Init                    
0000053b  IntUartHandler                
0000056b  UART5_SendChar                
00000587  UART5_SendString              
000005a5  UWriteBytes                   
000005cb  UWriteInt                     
00000631  Timer0_Init                   
00000683  Timer0_Handler                
000006df  disable_irq                   
000006ff  enable_irq                    
0000076d  main                          
00000801  delay_ms                      
00000879  EEPROM_Init                   
0000089b  EEPROM_Write                  
000008cf  EEPROM_Read                   
00000915  __aeabi_memcpy                
00000915  __aeabi_memcpy4               
00000915  __aeabi_memcpy8               
00000915  memcpy                        
000009b1  ltoa                          
00000a1f  __TI_decompress_lzss          
00000a89  __TI_auto_init_nobinit_nopinit
00000acd  SysCtlPeripheralReady         
00000b05  SysCtlPeripheralEnable        
00000b39  _c_int00_noargs               
00000b6d  __TI_zero_init_nomemset       
00000b89  strcpy                        
00000b9d  IntMasterEnable               
00000bad  __TI_decompress_none          
00000bbb  CPUcpsie                      
00000bc7  ResetISR                      
00000bd3  _system_pre_init              
00000bd7  C$$EXIT                       
00000bd7  abort                         
00000be0  __TI_Handler_Table_Base       
00000bec  __TI_Handler_Table_Limit      
00000c00  __TI_CINIT_Base               
00000c10  __TI_CINIT_Limit              
20000000  __stack                       
20000000  __start___llvm_prf_cnts       
20000000  __stop___llvm_prf_cnts        
20000200  __STACK_END                   
20000200  __STACK_TOP                   
20000208  schedular_flg                 
ffffffff  __TI_pprof_out_hndl           
ffffffff  __TI_prof_data_size           
ffffffff  __TI_prof_data_start          
ffffffff  __binit__                     
ffffffff  __c_args__                    
ffffffff  binit                         
UNDEFED   __mpu_init                    
UNDEFED   _system_post_cinit            

[62 symbols]
